Microsoft Windows [Version 10.0.18362.959]
(c) 2019 Microsoft Corporation. All rights reserved.

C:\Users\hp>git --version
git version 2.27.0.windows.1

C:\Users\hp>cd C:\Users\hp\Desktop\Training

C:\Users\hp\Desktop\Training>mkdir user1

C:\Users\hp\Desktop\Training>cd user1

C:\Users\hp\Desktop\Training\user1>cd ..

C:\Users\hp\Desktop\Training>cd Devops

C:\Users\hp\Desktop\Training\Devops>mkdir user2

C:\Users\hp\Desktop\Training\Devops>cd user2

C:\Users\hp\Desktop\Training\Devops\user2>git init
Initialized empty Git repository in C:/Users/hp/Desktop/Training/Devops/user2/.git/

C:\Users\hp\Desktop\Training\Devops\user2>git status
On branch master

No commits yet

Untracked files:
  (use "git add <file>..." to include in what will be committed)
        file.txt

nothing added to commit but untracked files present (use "git add" to track)

C:\Users\hp\Desktop\Training\Devops\user2>git add "SampleFile.txt"
fatal: pathspec 'SampleFile.txt' did not match any files

C:\Users\hp\Desktop\Training\Devops\user2> git add "SampleFile1.txt "
fatal: pathspec 'SampleFile1.txt ' did not match any files

C:\Users\hp\Desktop\Training\Devops\user2> git add"SampleFile1.txt"
git: 'addSampleFile1.txt' is not a git command. See 'git --help'.

C:\Users\hp\Desktop\Training\Devops\user2>git add SampleFile.txt
fatal: pathspec 'SampleFile.txt' did not match any files

C:\Users\hp\Desktop\Training\Devops\user2>git add "file"
fatal: pathspec 'file' did not match any files

C:\Users\hp\Desktop\Training\Devops\user2>git add "file.txt"

C:\Users\hp\Desktop\Training\Devops\user2>git status
On branch master

No commits yet

Changes to be committed:
  (use "git rm --cached <file>..." to unstage)
        new file:   file.txt


C:\Users\hp\Desktop\Training\Devops\user2>git status
On branch master

                                                                            # Please enter the commit message for your changes. Lines starting
# with '#' will be ignored, and an empty message aborts the commit.
#
# On branch master
#
# Initial commit
#
# Changes to be committed:
#       new file:   SampletextFile.txt
#       new file:   file.txt
#
~                                                                           ~                                                                           ~                                                                           ~                                                                           ~                                                                           ~                                                                           ~                                                                           ~                                                                           ~                                      